[INFO] Scanning for projects...
[INFO] 
[INFO] --------------------< com.example:lab4-orchid-api >---------------------
[INFO] Building lab4-orchid-api 0.0.1-SNAPSHOT
[INFO]   from pom.xml
[INFO] --------------------------------[ jar ]---------------------------------
[INFO] 
[INFO] --- resources:3.3.1:resources (default-resources) @ lab4-orchid-api ---
[INFO] Copying 1 resource from src\main\resources to target\classes
[INFO] Copying 0 resource from src\main\resources to target\classes
[INFO] 
[INFO] --- compiler:3.13.0:compile (default-compile) @ lab4-orchid-api ---
[INFO] Nothing to compile - all classes are up to date.
[INFO] 
[INFO] --- resources:3.3.1:testResources (default-testResources) @ lab4-orchid-api ---
[INFO] Copying 2 resources from src\test\resources to target\test-classes
[INFO] 
[INFO] --- compiler:3.13.0:testCompile (default-testCompile) @ lab4-orchid-api ---
[INFO] Nothing to compile - all classes are up to date.
[INFO] 
[INFO] --- surefire:3.5.2:test (default-test) @ lab4-orchid-api ---
[INFO] Tests are skipped.
[INFO] 
[INFO] --- jar:3.4.2:jar (default-jar) @ lab4-orchid-api ---
[INFO] Building jar: H:\Code Java\SBA301\lab4\target\lab4-orchid-api-0.0.1-SNAPSHOT.jar
[INFO] 
[INFO] --- spring-boot:3.4.3:repackage (repackage) @ lab4-orchid-api ---
[INFO] Replacing main artifact H:\Code Java\SBA301\lab4\target\lab4-orchid-api-0.0.1-SNAPSHOT.jar with repackaged archive, adding nested dependencies in BOOT-INF/.
[INFO] The original artifact has been renamed to H:\Code Java\SBA301\lab4\target\lab4-orchid-api-0.0.1-SNAPSHOT.jar.original
[INFO] ------------------------------------------------------------------------
[INFO] BUILD SUCCESS
[INFO] ------------------------------------------------------------------------
[INFO] Total time:  2.356 s
[INFO] Finished at: 2026-10-07T08:18:08+07:00
[INFO] ------------------------------------------------------------------------
