newman

SBA301 Slot18 Orchid API

→ T05 - POST valid orchid
  POST http://localhost:8080/api/orchids [201 Created, 401B, 33ms]
  √  Status 201
  √  Generated ID
  √  Correct category

→ T03 - GET after POST
  GET http://localhost:8080/api/orchids/4 [200 OK, 396B, 14ms]
  √  Status 200
  √  Saved name and no recursion

→ T01 - GET list
  GET http://localhost:8080/api/orchids [200 OK, 398B, 10ms]
  √  Status 200
  √  Array contains created orchid

→ T02 - Search case insensitive
  GET http://localhost:8080/api/orchids?name=cAt [200 OK, 398B, 19ms]
  √  Status 200
  √  Only matching names

→ T04 / B6 - GET missing
  GET http://localhost:8080/api/orchids/999999999 [404 Not Found, 130B, 11ms]
  √  Status 404

→ T06 / B5 - POST nonexistent category
  POST http://localhost:8080/api/orchids [400 Bad Request, 173B, 24ms]
  √  Status 400
  √  Category error

→ T06 - POST missing category
  POST http://localhost:8080/api/orchids [400 Bad Request, 166B, 11ms]
  √  Status 400
  √  Required category

→ B7 - POST malformed JSON
  POST http://localhost:8080/api/orchids [400 Bad Request, 246B, 10ms]
  √  Status 400

→ B7 - Retest valid JSON
  POST http://localhost:8080/api/orchids [201 Created, 401B, 24ms]
  √  Status 201

→ B7 - Clean retest orchid
  DELETE http://localhost:8080/api/orchids/5 [204 No Content, 112B, 16ms]
  √  Status 204

→ B8 - Wrong route
  GET http://localhost:8080/api/orchid [404 Not Found, 359B, 9ms]
  √  Status 404

→ B8 - Correct route
  GET http://localhost:8080/api/orchids [200 OK, 398B, 16ms]
  √  Status 200

→ T07 - PUT valid and replace category
  PUT http://localhost:8080/api/orchids/4 [200 OK, 406B, 34ms]
  √  Status 200
  √  New category

→ T07 - GET after PUT
  GET http://localhost:8080/api/orchids/4 [200 OK, 406B, 12ms]
  √  Status 200
  √  All fields updated

→ T07 - PUT invalid category
  PUT http://localhost:8080/api/orchids/4 [400 Bad Request, 173B, 14ms]
  √  Status 400

→ T07 - GET proves rollback
  GET http://localhost:8080/api/orchids/4 [200 OK, 406B, 12ms]
  √  Status 200
  √  Failed update kept saved state

→ T08 - PUT missing orchid
  PUT http://localhost:8080/api/orchids/999999999 [404 Not Found, 130B, 9ms]
  √  Status 404

→ T09 - DELETE existing
  DELETE http://localhost:8080/api/orchids/4 [204 No Content, 112B, 14ms]
  √  Status 204
  √  No response body

→ T09 - GET after DELETE
  GET http://localhost:8080/api/orchids/4 [404 Not Found, 130B, 8ms]
  √  Status 404

→ T10 - DELETE missing
  DELETE http://localhost:8080/api/orchids/999999999 [404 Not Found, 130B, 8ms]
  √  Status 404

→ T11 / T12 - POST retained orchid for DB and restart verification
  POST http://localhost:8080/api/orchids [201 Created, 401B, 12ms]
  √  Status 201
  ┌
  │ 'Use persistedId for SQL verification and GET after re
  │ start:', 6
  └

→ T11 - GET retained orchid
  GET http://localhost:8080/api/orchids/6 [200 OK, 396B, 8ms]
  √  Status 200

┌─────────────────────────┬──────────────────┬─────────────────┐
│                         │         executed │          failed │
├─────────────────────────┼──────────────────┼─────────────────┤
│              iterations │                1 │               0 │
├─────────────────────────┼──────────────────┼─────────────────┤
│                requests │               22 │               0 │
├─────────────────────────┼──────────────────┼─────────────────┤
│            test-scripts │               22 │               0 │
├─────────────────────────┼──────────────────┼─────────────────┤
│      prerequest-scripts │                0 │               0 │
├─────────────────────────┼──────────────────┼─────────────────┤
│              assertions │               33 │               0 │
├─────────────────────────┴──────────────────┴─────────────────┤
│ total run duration: 1.9s                                     │
├──────────────────────────────────────────────────────────────┤
│ total data received: 2.87kB (approx)                         │
├──────────────────────────────────────────────────────────────┤
│ average response time: 14ms [min: 8ms, max: 34ms, s.d.: 7ms] │
└──────────────────────────────────────────────────────────────┘
